// Jest Snapshot v1, https://goo.gl/fbAQLP

exports[`Button Tests Button Snapshop 1`] = `
<div>
  <input
    className="button"
    type="button"
    value="Push"
  />
</div>
`;
